// Jest Snapshot v1, https://goo.gl/fbAQLP

exports[`matches snapshot 1`] = `
<a
  className="logo"
  href="/"
>
  team awesome
</a>
`;
