// Jest Snapshot v1, https://goo.gl/fbAQLP

exports[`matches snapshot 1`] = `
<header
  className="header "
>
  <Logo />
  <Navigation
    isMenuVisible={false}
  />
  <MenuToggle
    isMenuVisible={false}
    toggleMenu={[Function]}
  />
  <ProfileButton />
</header>
`;
