// Jest Snapshot v1, https://goo.gl/fbAQLP

exports[`matches snapshot 1`] = `
<div
  className="clientForm false"
>
  <div
    className="headerClientForm"
  >
    <span
      className="headerClientFormText"
    >
      Add new client
    </span>
    <button
      className="cancelButton"
      onClick={[Function]}
      type="button"
    >
      Cancel
    </button>
    <button
      className="saveButton"
      disabled={true}
      onClick={[Function]}
      type="button"
    >
      Save
    </button>
  </div>
  <div
    className="personalDetailsTab"
  >
    Client details
  </div>
  <form
    className="form"
    onSubmit={[Function]}
  >
    <div
      className="formColumnOne"
    >
      <label
        className="labelName"
        htmlFor="clientName"
      >
        Client
        <styled.input
          id="clientName"
          isValid={true}
          maxLength={35}
          minLength={2}
          name="clientName"
          onBlur={[Function]}
          onChange={[Function]}
          required={true}
          value=""
        />
      </label>
      <label
        className="labelBranch"
        htmlFor="branch"
      >
        Branch
        <styled.input
          isValid={true}
          maxLength={35}
          minLength={2}
          name="branch"
          onBlur={[Function]}
          onChange={[Function]}
          required={true}
          value=""
        />
      </label>
      <label
        className="labelAddress"
        htmlFor="address"
      >
        Address
        <styled.input
          isValid={true}
          maxLength={35}
          minLength={2}
          name="address"
          onBlur={[Function]}
          onChange={[Function]}
          required={true}
          value=""
        />
      </label>
    </div>
    <div
      className="formColumnTwo"
    >
      <div
        className="localityPostalCodeInputs"
      >
        <label
          className="labelPostalCode"
          htmlFor="postalCode"
        >
          Postal code
          <styled.input
            isValid={true}
            maxLength={35}
            minLength={2}
            name="postalCode"
            onBlur={[Function]}
            onChange={[Function]}
            required={true}
            value=""
          />
        </label>
        <label
          className="labelLocality"
          htmlFor="locality"
        >
          Locality
          <styled.input
            isValid={true}
            maxLength={35}
            minLength={2}
            name="locality"
            onBlur={[Function]}
            onChange={[Function]}
            required={true}
            value=""
          />
        </label>
      </div>
      <label
        className="labelContactPerson"
        htmlFor="contactPerson"
      >
        Contact person
        <styled.input
          isValid={true}
          maxLength={35}
          minLength={2}
          name="contactPerson"
          onBlur={[Function]}
          onChange={[Function]}
          required={true}
          value=""
        />
      </label>
      <label
        className="labelContactPhoneNumber"
        htmlFor="contactPhoneNumber"
      >
        Contact phone number
        <styled.input
          isValid={true}
          maxLength={35}
          minLength={2}
          name="contactPhoneNumber"
          onBlur={[Function]}
          onChange={[Function]}
          required={true}
          value=""
        />
      </label>
    </div>
  </form>
</div>
`;
