// Jest Snapshot v1, https://goo.gl/fbAQLP

exports[`matches snapshot 1`] = `
<button
  className="toggle"
  onClick={[Function]}
  type="button"
>
  <test-file-stub
    className="icon hideIcon"
  />
  <test-file-stub
    className="icon "
  />
</button>
`;
