// Jest Snapshot v1, https://goo.gl/fbAQLP

exports[`matches snapshot 1`] = `
<div
  className="timeStamp"
>
  <span>
    woensdag 16 oktober
  </span>
  <span
    className="duration"
  >
    08:00:00 
  </span>
</div>
`;
